// Jest Snapshot v1, https://goo.gl/fbAQLP

exports[`<App /> matches last snapshot 1`] = `
<View
  style={
    Object {
      "alignContent": "center",
      "alignItems": "center",
      "flex": 1,
    }
  }
>
  <Text>
    ...
  </Text>
</View>
`;
